{"time":"2026-09-19T23:54:00","level":"DEBUG","logger":"asyncio","message":"Using proactor: IocpProactor"}
INFO:     Started server process [3392]
INFO:     Waiting for application startup.
{"time":"2026-09-19T23:54:00","level":"INFO","logger":"saverfrom.cache","message":"MultiLayerCache: Redis URL not configured — L1 only mode"}
{"time":"2026-09-19T23:54:00","level":"INFO","logger":"saverfrom.cleanup","message":"FileCleanupService started (ttl=1800s interval=60s)"}
{"time":"2026-09-19T23:54:00","level":"INFO","logger":"saverfrom.main","message":"SaverFrom v3.0.0 starting — env=development downloads=backend\downloads"}
INFO:     Application startup complete.
INFO:     Uvicorn running on http://127.0.0.1:8000 (Press CTRL+C to quit)
{"time":"2026-09-19T23:55:03","level":"DEBUG","logger":"saverfrom.single_flight","message":"SingleFlight: executing key=resolve::youtube::https://www.youtube.com/watch?v=dQw4w9WgXcQ::360p"}
{"time":"2026-09-19T23:59:15","level":"DEBUG","logger":"httpcore.connection","message":"connect_tcp.started host='rr4---sn-f5uxxo23-aixs.googlevideo.com' port=443 local_address=None timeout=60.0 socket_options=None"}
{"time":"2026-09-19T23:59:15","level":"DEBUG","logger":"httpcore.connection","message":"connect_tcp.complete return_value=<httpcore._backends.anyio.AnyIOStream object at 0x000001F25CF50980>"}
{"time":"2026-09-19T23:59:15","level":"DEBUG","logger":"httpcore.connection","message":"start_tls.started ssl_context=<ssl.SSLContext object at 0x000001F25D05DB30> server_hostname='rr4---sn-f5uxxo23-aixs.googlevideo.com' timeout=60.0"}
{"time":"2026-09-19T23:59:15","level":"DEBUG","logger":"httpcore.connection","message":"start_tls.complete return_value=<httpcore._backends.anyio.AnyIOStream object at 0x000001F25CED9310>"}
{"time":"2026-09-19T23:59:15","level":"DEBUG","logger":"httpcore.http11","message":"send_request_headers.started request=<Request [b'GET']>"}
{"time":"2026-09-19T23:59:15","level":"DEBUG","logger":"httpcore.http11","message":"send_request_headers.complete"}
{"time":"2026-09-19T23:59:15","level":"DEBUG","logger":"httpcore.http11","message":"send_request_body.started request=<Request [b'GET']>"}
{"time":"2026-09-19T23:59:15","level":"DEBUG","logger":"httpcore.http11","message":"send_request_body.complete"}
{"time":"2026-09-19T23:59:15","level":"DEBUG","logger":"httpcore.http11","message":"receive_response_headers.started request=<Request [b'GET']>"}
{"time":"2026-09-19T23:59:16","level":"DEBUG","logger":"httpcore.http11","message":"receive_response_headers.complete return_value=(b'HTTP/1.1', 200, b'OK', [(b'Last-Modified', b'Sun, 28 Dec 2025 22:29:13 GMT'), (b'Content-Type', b'video/mp4'), (b'Date', b'Sat, 19 Sep 2026 18:59:17 GMT'), (b'Expires', b'Sat, 19 Sep 2026 18:59:17 GMT'), (b'Cache-Control', b'private, max-age=21050'), (b'Accept-Ranges', b'bytes'), (b'Content-Length', b'11829048'), (b'Connection', b'close'), (b'Alt-Svc', b'h3=":443"; ma=2592000,h3-29=":443"; ma=2592000,h3-Q046=":443"; ma=2592000,quic=":443"; ma=2592000; v="46"'), (b'Vary', b'Origin'), (b'Cross-Origin-Resource-Policy', b'cross-origin'), (b'X-Content-Type-Options', b'nosniff'), (b'Server', b'gvs 1.0')])"}
{"time":"2026-09-19T23:59:16","level":"INFO","logger":"httpx","message":"HTTP Request: GET https://rr4---sn-f5uxxo23-aixs.googlevideo.com/videoplayback?expire=1789865707&ei=i9quaunlEa7Fv_IPjZvWuAI&ip=110.38.183.28&id=o-AJyRnkgJKynHWeZgkCZGOKlSaz_4b67cn3sHxHrmJRyK&itag=18&source=youtube&requiressl=yes&xpc=EgVo2aDSNQ%3D%3D&cps=1244&met=1789844107%2C&mh=7c&mm=18%2C29&mn=sn-f5uxxo23-aixs%2Csn-hgn7rne7&ms=aub%2Crdu&mv=m&mvi=4&pl=24&rms=aub%2Caub&initcwndbps=307500&bui=AR3QkAk7fjip7SotxDkq61bSDzReEpXepOglKvOolF7d-jsW4ogZVqvUUwm9lM2f8eUQ7NkzZCl03zgO&spc=I-rgIXpbeI4DojrD2vfn6Z2gtKN3NAVaUWHPh6WB5hIHUzr1GYyWJTw3YaM0rgBVjORN_IuBCbU&vprv=1&svpuc=1&mime=video%2Fmp4&rqh=1&cnr=14&ratebypass=yes&dur=213.089&lmt=1766960953317159&mt=1789843719&fvip=2&fexp=51565115%2C52112905%2C52178455&c=ANDROID&txp=5538534&sparams=expire%2Cei%2Cip%2Cid%2Citag%2Csource%2Crequiressl%2Cxpc%2Cbui%2Cspc%2Cvprv%2Csvpuc%2Cmime%2Crqh%2Ccnr%2Cratebypass%2Cdur%2Clmt&sig=AE0s2JYwRQIgBf8cYgZrsCQsyscSNuqFc-0y3fTPREXG-BFLMN-O_HICIQDkWkUmpJu8VLiCzvP4owx0CrIA-Lts3FGIbRDep_Vi4A%3D%3D&lsparams=cps%2Cmet%2Cmh%2Cmm%2Cmn%2Cms%2Cmv%2Cmvi%2Cpl%2Crms%2Cinitcwndbps&lsig=APaTxxMwRQIgSsDxhJ_IfYgjStw64QurNAXRu3MXnmv79ztKJeOPMyUCIQCa9u0fywnnr-sXLnGaDyvnXX3YtYRNlskvQUKyloDgZg%3D%3D "HTTP/1.1 200 OK""}
{"time":"2026-09-19T23:59:16","level":"DEBUG","logger":"httpcore.http11","message":"receive_response_body.started request=<Request [b'GET']>"}
{"time":"2026-09-19T23:59:42","level":"DEBUG","logger":"httpcore.http11","message":"receive_response_body.failed exception=CancelledError("Cancelled via cancel scope 1f25ccd20d0 by <Task pending name='Task-38' coro=<RequestResponseCycle.run_asgi() running at C:\\Users\\7iha7\\Music\\New folder\\backend\\.venv\\Lib\\site-packages\\uvicorn\\protocols\\http\\httptools_impl.py:422> cb=[set.discard()]>")"}
{"time":"2026-09-19T23:59:42","level":"DEBUG","logger":"httpcore.http11","message":"response_closed.started"}
{"time":"2026-09-19T23:59:42","level":"DEBUG","logger":"httpcore.http11","message":"response_closed.complete"}
{"time":"2026-09-20T00:10:22","level":"DEBUG","logger":"saverfrom.single_flight","message":"SingleFlight: executing key=resolve::instagram::https://www.instagram.com/reel/DbtxDMgSj4j/?utm_source=ig_we"}
{"time":"2026-09-20T00:10:33","level":"DEBUG","logger":"httpcore.connection","message":"connect_tcp.started host='instagram.flhe6-1.fna.fbcdn.net' port=443 local_address=None timeout=60.0 socket_options=None"}
{"time":"2026-09-20T00:10:33","level":"DEBUG","logger":"httpcore.connection","message":"connect_tcp.complete return_value=<httpcore._backends.anyio.AnyIOStream object at 0x000001F25AD2DF90>"}
{"time":"2026-09-20T00:10:33","level":"DEBUG","logger":"httpcore.connection","message":"start_tls.started ssl_context=<ssl.SSLContext object at 0x000001F25CFEACB0> server_hostname='instagram.flhe6-1.fna.fbcdn.net' timeout=60.0"}
{"time":"2026-09-20T00:10:33","level":"DEBUG","logger":"httpcore.connection","message":"start_tls.complete return_value=<httpcore._backends.anyio.AnyIOStream object at 0x000001F25CF256E0>"}
{"time":"2026-09-20T00:10:33","level":"DEBUG","logger":"httpcore.http11","message":"send_request_headers.started request=<Request [b'GET']>"}
{"time":"2026-09-20T00:10:33","level":"DEBUG","logger":"httpcore.http11","message":"send_request_headers.complete"}
{"time":"2026-09-20T00:10:33","level":"DEBUG","logger":"httpcore.http11","message":"send_request_body.started request=<Request [b'GET']>"}
{"time":"2026-09-20T00:10:33","level":"DEBUG","logger":"httpcore.http11","message":"send_request_body.complete"}
{"time":"2026-09-20T00:10:33","level":"DEBUG","logger":"httpcore.http11","message":"receive_response_headers.started request=<Request [b'GET']>"}
{"time":"2026-09-20T00:10:33","level":"DEBUG","logger":"httpcore.http11","message":"receive_response_headers.complete return_value=(b'HTTP/1.1', 302, b'Found', [(b'Location', b'https://video.xx.fbcdn.net/o1/v/t2/f2/m86/AQOKNVsK8mUyZFSpFoaJAqBbQrmgU7rfUl1trJDxNLUT7MfKA4t87RfyxJihjj9VX6ANsg851rSnaMMmTGR8swQxSwZ0_235y9A2XoY.mp4?_nc_cat=106&_nc_oc=AdpojYeCvZD8LixYM13DukXzwePdYISN4kcP6YB4kcRxTLf_O1sJiWby9_gnZU0sS-k&_nc_sid=9ca052&_nc_ht=instagram.flhe6-1.fna.fbcdn.net&_nc_ohc=fyk-vlZdIy4Q7kNvwHDqzx6&efg=eyJ2ZW5jb2RlX3RhZyI6ImlnLXhwdmRzLmNsaXBzLmlnd3d3LUMzLmRhc2hfYmFzZWxpbmVfMV92MSIsInZpZGVvX2lkIjpudWxsLCJvaWxfdXJsZ2VuX2FwcF9pZCI6OTM2NjE5NzQzMzkyNDU5LCJjbGllbnRfbmFtZSI6ImlnIiwieHB2X2Fzc2V0X2lkIjoxNzc4NTU1Mzg2NjYyMTEwLCJhc3NldF9hZ2VfZGF5cyI6NDMsInZpX3VzZWNhc2VfaWQiOjEwMDk5LCJkdXJhdGlvbl9zIjo5NSwiYml0cmF0ZSI6OTE2NzExLCJ1cmxnZW5fc291cmNlIjoid3d3In0%3D&ccb=17-1&_nc_gid=DVhYPdvgLix3KwxM1hGJCw&_nc_ss=7ba8c&_nc_map=urlgen_bucketless&_nc_zt=28&oh=00_AQJkyRCx4CGs8ojYm1n9gABD2m39cnI8jS-hI13lpQEV0w&oe=6AB0C9C3'), (b'Content-Type', b'text/plain'), (b'Server', b'proxygen-bolt'), (b'X-FB-Connection-Quality', b'GOOD; q=0.7, rtt=84, rtx=0, c=13, mss=1392, tbw=3363, tp=-1, tpl=-1, uplat=0, ullat=-1'), (b'Date', b'Sat, 19 Sep 2026 19:10:34 GMT'), (b'Alt-Svc', b'h3=":443"; ma=86400'), (b'No-Vary-Search', b'key-order, params=("_nc_gid" "oh" "oe" "_nc_oc" "_nc_ohc" "_nc_cat" "_nc_ht" "_nc_cb")'), (b'x-fb-ptm-uuid', b'9A4496AE2E87E5A19C79ACB86CE85F99'), (b'X-Robots-Tag', b'noarchive, noindex'), (b'Connection', b'keep-alive'), (b'Content-Length', b'0')])"}
{"time":"2026-09-20T00:10:33","level":"INFO","logger":"httpx","message":"HTTP Request: GET https://instagram.flhe6-1.fna.fbcdn.net/o1/v/t2/f2/m86/AQOKNVsK8mUyZFSpFoaJAqBbQrmgU7rfUl1trJDxNLUT7MfKA4t87RfyxJihjj9VX6ANsg851rSnaMMmTGR8swQxSwZ0_235y9A2XoY.mp4?_nc_cat=106&_nc_oc=AdpojYeCvZD8LixYM13DukXzwePdYISN4kcP6YB4kcRxTLf_O1sJiWby9_gnZU0sS-k&_nc_sid=9ca052&_nc_ht=instagram.flhe6-1.fna.fbcdn.net&_nc_ohc=fyk-vlZdIy4Q7kNvwHDqzx6&efg=eyJ2ZW5jb2RlX3RhZyI6ImlnLXhwdmRzLmNsaXBzLmlnd3d3LUMzLmRhc2hfYmFzZWxpbmVfMV92MSIsInZpZGVvX2lkIjpudWxsLCJvaWxfdXJsZ2VuX2FwcF9pZCI6OTM2NjE5NzQzMzkyNDU5LCJjbGllbnRfbmFtZSI6ImlnIiwieHB2X2Fzc2V0X2lkIjoxNzc4NTU1Mzg2NjYyMTEwLCJhc3NldF9hZ2VfZGF5cyI6NDMsInZpX3VzZWNhc2VfaWQiOjEwMDk5LCJkdXJhdGlvbl9zIjo5NSwiYml0cmF0ZSI6OTE2NzExLCJ1cmxnZW5fc291cmNlIjoid3d3In0%3D&ccb=17-1&_nc_gid=DVhYPdvgLix3KwxM1hGJCw&_nc_ss=7ba8c&_nc_map=urlgen_bucketless&_nc_zt=28&oh=00_AQJkyRCx4CGs8ojYm1n9gABD2m39cnI8jS-hI13lpQEV0w&oe=6AB0C9C3 "HTTP/1.1 302 Found""}
{"time":"2026-09-20T00:10:33","level":"DEBUG","logger":"httpcore.http11","message":"receive_response_body.started request=<Request [b'GET']>"}
{"time":"2026-09-20T00:10:33","level":"DEBUG","logger":"httpcore.http11","message":"receive_response_body.complete"}
{"time":"2026-09-20T00:10:33","level":"DEBUG","logger":"httpcore.http11","message":"response_closed.started"}
{"time":"2026-09-20T00:10:33","level":"DEBUG","logger":"httpcore.http11","message":"response_closed.complete"}
{"time":"2026-09-20T00:10:34","level":"DEBUG","logger":"httpcore.connection","message":"connect_tcp.started host='video.xx.fbcdn.net' port=443 local_address=None timeout=60.0 socket_options=None"}
{"time":"2026-09-20T00:10:34","level":"DEBUG","logger":"httpcore.connection","message":"connect_tcp.complete return_value=<httpcore._backends.anyio.AnyIOStream object at 0x000001F25CF26650>"}
{"time":"2026-09-20T00:10:34","level":"DEBUG","logger":"httpcore.connection","message":"start_tls.started ssl_context=<ssl.SSLContext object at 0x000001F25CFEACB0> server_hostname='video.xx.fbcdn.net' timeout=60.0"}
{"time":"2026-09-20T00:10:34","level":"DEBUG","logger":"httpcore.connection","message":"start_tls.complete return_value=<httpcore._backends.anyio.AnyIOStream object at 0x000001F25CF96C30>"}
{"time":"2026-09-20T00:10:34","level":"DEBUG","logger":"httpcore.http11","message":"send_request_headers.started request=<Request [b'GET']>"}
{"time":"2026-09-20T00:10:34","level":"DEBUG","logger":"httpcore.http11","message":"send_request_headers.complete"}
{"time":"2026-09-20T00:10:34","level":"DEBUG","logger":"httpcore.http11","message":"send_request_body.started request=<Request [b'GET']>"}
{"time":"2026-09-20T00:10:34","level":"DEBUG","logger":"httpcore.http11","message":"send_request_body.complete"}
{"time":"2026-09-20T00:10:34","level":"DEBUG","logger":"httpcore.http11","message":"receive_response_headers.started request=<Request [b'GET']>"}
{"time":"2026-09-20T00:10:36","level":"DEBUG","logger":"httpcore.http11","message":"receive_response_headers.complete return_value=(b'HTTP/1.1', 200, b'OK', [(b'Content-Type', b'video/mp4'), (b'ETag', b'55c9aea82f194954ef6fc22efb70e7c51b7cb8e54860a9f044a2e08ba5afabf6'), (b'content-digest', b'adler32=1847170675'), (b'cross-origin-resource-policy', b'cross-origin'), (b'timing-allow-origin', b'*'), (b'Access-Control-Allow-Origin', b'*'), (b'Cache-Control', b'max-age=1209600, no-transform'), (b'Accept-Ranges', b'bytes'), (b'Date', b'Sat, 19 Sep 2026 19:10:36 GMT'), (b'X-FB-Connection-Quality', b'GOOD; q=0.7, rtt=96, rtx=0, c=14, mss=1392, tbw=3472, tp=-1, tpl=-1, uplat=897, ullat=0'), (b'Alt-Svc', b'h3=":443"; ma=86400'), (b'No-Vary-Search', b'key-order, params=("_nc_gid" "oh" "oe" "_nc_oc" "_nc_ohc" "_nc_cat" "_nc_ht" "_nc_cb")'), (b'x-fb-ptm-uuid', b'4F4BBB66C4B3ED18ADCB388FF2D7BBBB'), (b'X-Robots-Tag', b'noarchive, noindex'), (b'Connection', b'keep-alive'), (b'Content-Length', b'10977625')])"}
{"time":"2026-09-20T00:10:36","level":"INFO","logger":"httpx","message":"HTTP Request: GET https://video.xx.fbcdn.net/o1/v/t2/f2/m86/AQOKNVsK8mUyZFSpFoaJAqBbQrmgU7rfUl1trJDxNLUT7MfKA4t87RfyxJihjj9VX6ANsg851rSnaMMmTGR8swQxSwZ0_235y9A2XoY.mp4?_nc_cat=106&_nc_oc=AdpojYeCvZD8LixYM13DukXzwePdYISN4kcP6YB4kcRxTLf_O1sJiWby9_gnZU0sS-k&_nc_sid=9ca052&_nc_ht=instagram.flhe6-1.fna.fbcdn.net&_nc_ohc=fyk-vlZdIy4Q7kNvwHDqzx6&efg=eyJ2ZW5jb2RlX3RhZyI6ImlnLXhwdmRzLmNsaXBzLmlnd3d3LUMzLmRhc2hfYmFzZWxpbmVfMV92MSIsInZpZGVvX2lkIjpudWxsLCJvaWxfdXJsZ2VuX2FwcF9pZCI6OTM2NjE5NzQzMzkyNDU5LCJjbGllbnRfbmFtZSI6ImlnIiwieHB2X2Fzc2V0X2lkIjoxNzc4NTU1Mzg2NjYyMTEwLCJhc3NldF9hZ2VfZGF5cyI6NDMsInZpX3VzZWNhc2VfaWQiOjEwMDk5LCJkdXJhdGlvbl9zIjo5NSwiYml0cmF0ZSI6OTE2NzExLCJ1cmxnZW5fc291cmNlIjoid3d3In0%3D&ccb=17-1&_nc_gid=DVhYPdvgLix3KwxM1hGJCw&_nc_ss=7ba8c&_nc_map=urlgen_bucketless&_nc_zt=28&oh=00_AQJkyRCx4CGs8ojYm1n9gABD2m39cnI8jS-hI13lpQEV0w&oe=6AB0C9C3 "HTTP/1.1 200 OK""}
{"time":"2026-09-20T00:10:36","level":"DEBUG","logger":"httpcore.http11","message":"receive_response_body.started request=<Request [b'GET']>"}
{"time":"2026-09-20T00:10:47","level":"DEBUG","logger":"httpcore.connection","message":"connect_tcp.started host='instagram.flhe6-1.fna.fbcdn.net' port=443 local_address=None timeout=60.0 socket_options=None"}
{"time":"2026-09-20T00:10:48","level":"DEBUG","logger":"httpcore.connection","message":"connect_tcp.complete return_value=<httpcore._backends.anyio.AnyIOStream object at 0x000001F25CEF5E10>"}
{"time":"2026-09-20T00:10:48","level":"DEBUG","logger":"httpcore.connection","message":"start_tls.started ssl_context=<ssl.SSLContext object at 0x000001F25CEC7390> server_hostname='instagram.flhe6-1.fna.fbcdn.net' timeout=60.0"}
{"time":"2026-09-20T00:10:48","level":"DEBUG","logger":"httpcore.connection","message":"start_tls.complete return_value=<httpcore._backends.anyio.AnyIOStream object at 0x000001F25CEF67A0>"}
{"time":"2026-09-20T00:10:48","level":"DEBUG","logger":"httpcore.http11","message":"send_request_headers.started request=<Request [b'GET']>"}
{"time":"2026-09-20T00:10:48","level":"DEBUG","logger":"httpcore.http11","message":"send_request_headers.complete"}
{"time":"2026-09-20T00:10:48","level":"DEBUG","logger":"httpcore.http11","message":"send_request_body.started request=<Request [b'GET']>"}
{"time":"2026-09-20T00:10:48","level":"DEBUG","logger":"httpcore.http11","message":"send_request_body.complete"}
{"time":"2026-09-20T00:10:48","level":"DEBUG","logger":"httpcore.http11","message":"receive_response_headers.started request=<Request [b'GET']>"}
{"time":"2026-09-20T00:10:48","level":"DEBUG","logger":"httpcore.http11","message":"receive_response_headers.complete return_value=(b'HTTP/1.1', 302, b'Found', [(b'Location', b'https://video.xx.fbcdn.net/o1/v/t2/f2/m86/AQOKNVsK8mUyZFSpFoaJAqBbQrmgU7rfUl1trJDxNLUT7MfKA4t87RfyxJihjj9VX6ANsg851rSnaMMmTGR8swQxSwZ0_235y9A2XoY.mp4?_nc_cat=106&_nc_oc=AdpojYeCvZD8LixYM13DukXzwePdYISN4kcP6YB4kcRxTLf_O1sJiWby9_gnZU0sS-k&_nc_sid=9ca052&_nc_ht=instagram.flhe6-1.fna.fbcdn.net&_nc_ohc=fyk-vlZdIy4Q7kNvwHDqzx6&efg=eyJ2ZW5jb2RlX3RhZyI6ImlnLXhwdmRzLmNsaXBzLmlnd3d3LUMzLmRhc2hfYmFzZWxpbmVfMV92MSIsInZpZGVvX2lkIjpudWxsLCJvaWxfdXJsZ2VuX2FwcF9pZCI6OTM2NjE5NzQzMzkyNDU5LCJjbGllbnRfbmFtZSI6ImlnIiwieHB2X2Fzc2V0X2lkIjoxNzc4NTU1Mzg2NjYyMTEwLCJhc3NldF9hZ2VfZGF5cyI6NDMsInZpX3VzZWNhc2VfaWQiOjEwMDk5LCJkdXJhdGlvbl9zIjo5NSwiYml0cmF0ZSI6OTE2NzExLCJ1cmxnZW5fc291cmNlIjoid3d3In0%3D&ccb=17-1&_nc_gid=DVhYPdvgLix3KwxM1hGJCw&_nc_ss=7ba8c&_nc_map=urlgen_bucketless&_nc_zt=28&oh=00_AQJkyRCx4CGs8ojYm1n9gABD2m39cnI8jS-hI13lpQEV0w&oe=6AB0C9C3'), (b'Content-Type', b'text/plain'), (b'Server', b'proxygen-bolt'), (b'X-FB-Connection-Quality', b'MODERATE; q=0.3, rtt=482, rtx=0, c=13, mss=1392, tbw=3363, tp=-1, tpl=-1, uplat=0, ullat=-1'), (b'Date', b'Sat, 19 Sep 2026 19:10:49 GMT'), (b'Alt-Svc', b'h3=":443"; ma=86400'), (b'No-Vary-Search', b'key-order, params=("_nc_gid" "oh" "oe" "_nc_oc" "_nc_ohc" "_nc_cat" "_nc_ht" "_nc_cb")'), (b'x-fb-ptm-uuid', b'8E47B301B896681CEEC56AE8BE64559E'), (b'X-Robots-Tag', b'noarchive, noindex'), (b'Connection', b'keep-alive'), (b'Content-Length', b'0')])"}
{"time":"2026-09-20T00:10:48","level":"INFO","logger":"httpx","message":"HTTP Request: GET https://instagram.flhe6-1.fna.fbcdn.net/o1/v/t2/f2/m86/AQOKNVsK8mUyZFSpFoaJAqBbQrmgU7rfUl1trJDxNLUT7MfKA4t87RfyxJihjj9VX6ANsg851rSnaMMmTGR8swQxSwZ0_235y9A2XoY.mp4?_nc_cat=106&_nc_oc=AdpojYeCvZD8LixYM13DukXzwePdYISN4kcP6YB4kcRxTLf_O1sJiWby9_gnZU0sS-k&_nc_sid=9ca052&_nc_ht=instagram.flhe6-1.fna.fbcdn.net&_nc_ohc=fyk-vlZdIy4Q7kNvwHDqzx6&efg=eyJ2ZW5jb2RlX3RhZyI6ImlnLXhwdmRzLmNsaXBzLmlnd3d3LUMzLmRhc2hfYmFzZWxpbmVfMV92MSIsInZpZGVvX2lkIjpudWxsLCJvaWxfdXJsZ2VuX2FwcF9pZCI6OTM2NjE5NzQzMzkyNDU5LCJjbGllbnRfbmFtZSI6ImlnIiwieHB2X2Fzc2V0X2lkIjoxNzc4NTU1Mzg2NjYyMTEwLCJhc3NldF9hZ2VfZGF5cyI6NDMsInZpX3VzZWNhc2VfaWQiOjEwMDk5LCJkdXJhdGlvbl9zIjo5NSwiYml0cmF0ZSI6OTE2NzExLCJ1cmxnZW5fc291cmNlIjoid3d3In0%3D&ccb=17-1&_nc_gid=DVhYPdvgLix3KwxM1hGJCw&_nc_ss=7ba8c&_nc_map=urlgen_bucketless&_nc_zt=28&oh=00_AQJkyRCx4CGs8ojYm1n9gABD2m39cnI8jS-hI13lpQEV0w&oe=6AB0C9C3 "HTTP/1.1 302 Found""}
{"time":"2026-09-20T00:10:48","level":"DEBUG","logger":"httpcore.http11","message":"receive_response_body.started request=<Request [b'GET']>"}
{"time":"2026-09-20T00:10:48","level":"DEBUG","logger":"httpcore.http11","message":"receive_response_body.complete"}
{"time":"2026-09-20T00:10:48","level":"DEBUG","logger":"httpcore.http11","message":"response_closed.started"}
{"time":"2026-09-20T00:10:48","level":"DEBUG","logger":"httpcore.http11","message":"response_closed.complete"}
{"time":"2026-09-20T00:10:48","level":"DEBUG","logger":"httpcore.connection","message":"connect_tcp.started host='video.xx.fbcdn.net' port=443 local_address=None timeout=60.0 socket_options=None"}
{"time":"2026-09-20T00:10:48","level":"DEBUG","logger":"httpcore.connection","message":"connect_tcp.complete return_value=<httpcore._backends.anyio.AnyIOStream object at 0x000001F25CFA1F50>"}
{"time":"2026-09-20T00:10:48","level":"DEBUG","logger":"httpcore.connection","message":"start_tls.started ssl_context=<ssl.SSLContext object at 0x000001F25CEC7390> server_hostname='video.xx.fbcdn.net' timeout=60.0"}
{"time":"2026-09-20T00:10:48","level":"DEBUG","logger":"httpcore.connection","message":"start_tls.complete return_value=<httpcore._backends.anyio.AnyIOStream object at 0x000001F25CFA2550>"}
{"time":"2026-09-20T00:10:48","level":"DEBUG","logger":"httpcore.http11","message":"send_request_headers.started request=<Request [b'GET']>"}
{"time":"2026-09-20T00:10:48","level":"DEBUG","logger":"httpcore.http11","message":"send_request_headers.complete"}
{"time":"2026-09-20T00:10:48","level":"DEBUG","logger":"httpcore.http11","message":"send_request_body.started request=<Request [b'GET']>"}
{"time":"2026-09-20T00:10:48","level":"DEBUG","logger":"httpcore.http11","message":"send_request_body.complete"}
{"time":"2026-09-20T00:10:48","level":"DEBUG","logger":"httpcore.http11","message":"receive_response_headers.started request=<Request [b'GET']>"}
{"time":"2026-09-20T00:10:48","level":"DEBUG","logger":"httpcore.http11","message":"receive_response_headers.complete return_value=(b'HTTP/1.1', 200, b'OK', [(b'Content-Type', b'video/mp4'), (b'ETag', b'55c9aea82f194954ef6fc22efb70e7c51b7cb8e54860a9f044a2e08ba5afabf6'), (b'content-digest', b'adler32=1847170675'), (b'cross-origin-resource-policy', b'cross-origin'), (b'timing-allow-origin', b'*'), (b'Access-Control-Allow-Origin', b'*'), (b'Cache-Control', b'max-age=1209600, no-transform'), (b'Accept-Ranges', b'bytes'), (b'Date', b'Sat, 19 Sep 2026 19:10:49 GMT'), (b'X-FB-Connection-Quality', b'GOOD; q=0.7, rtt=82, rtx=0, c=13, mss=1392, tbw=3472, tp=-1, tpl=-1, uplat=0, ullat=0'), (b'Alt-Svc', b'h3=":443"; ma=86400'), (b'No-Vary-Search', b'key-order, params=("_nc_gid" "oh" "oe" "_nc_oc" "_nc_ohc" "_nc_cat" "_nc_ht" "_nc_cb")'), (b'x-fb-ptm-uuid', b'1B489697F34E2FC5800ACF2B29E37E95'), (b'X-Robots-Tag', b'noarchive, noindex'), (b'Connection', b'keep-alive'), (b'Content-Length', b'10977625')])"}
{"time":"2026-09-20T00:10:48","level":"INFO","logger":"httpx","message":"HTTP Request: GET https://video.xx.fbcdn.net/o1/v/t2/f2/m86/AQOKNVsK8mUyZFSpFoaJAqBbQrmgU7rfUl1trJDxNLUT7MfKA4t87RfyxJihjj9VX6ANsg851rSnaMMmTGR8swQxSwZ0_235y9A2XoY.mp4?_nc_cat=106&_nc_oc=AdpojYeCvZD8LixYM13DukXzwePdYISN4kcP6YB4kcRxTLf_O1sJiWby9_gnZU0sS-k&_nc_sid=9ca052&_nc_ht=instagram.flhe6-1.fna.fbcdn.net&_nc_ohc=fyk-vlZdIy4Q7kNvwHDqzx6&efg=eyJ2ZW5jb2RlX3RhZyI6ImlnLXhwdmRzLmNsaXBzLmlnd3d3LUMzLmRhc2hfYmFzZWxpbmVfMV92MSIsInZpZGVvX2lkIjpudWxsLCJvaWxfdXJsZ2VuX2FwcF9pZCI6OTM2NjE5NzQzMzkyNDU5LCJjbGllbnRfbmFtZSI6ImlnIiwieHB2X2Fzc2V0X2lkIjoxNzc4NTU1Mzg2NjYyMTEwLCJhc3NldF9hZ2VfZGF5cyI6NDMsInZpX3VzZWNhc2VfaWQiOjEwMDk5LCJkdXJhdGlvbl9zIjo5NSwiYml0cmF0ZSI6OTE2NzExLCJ1cmxnZW5fc291cmNlIjoid3d3In0%3D&ccb=17-1&_nc_gid=DVhYPdvgLix3KwxM1hGJCw&_nc_ss=7ba8c&_nc_map=urlgen_bucketless&_nc_zt=28&oh=00_AQJkyRCx4CGs8ojYm1n9gABD2m39cnI8jS-hI13lpQEV0w&oe=6AB0C9C3 "HTTP/1.1 200 OK""}
{"time":"2026-09-20T00:10:48","level":"DEBUG","logger":"httpcore.http11","message":"receive_response_body.started request=<Request [b'GET']>"}
{"time":"2026-09-20T00:10:53","level":"DEBUG","logger":"httpcore.http11","message":"receive_response_body.failed exception=CancelledError("Cancelled via cancel scope 1f25cec45f0 by <Task pending name='Task-67' coro=<RequestResponseCycle.run_asgi() running at C:\\Users\\7iha7\\Music\\New folder\\backend\\.venv\\Lib\\site-packages\\uvicorn\\protocols\\http\\httptools_impl.py:422> cb=[set.discard()]>")"}
{"time":"2026-09-20T00:10:53","level":"DEBUG","logger":"httpcore.http11","message":"response_closed.started"}
{"time":"2026-09-20T00:10:53","level":"DEBUG","logger":"httpcore.http11","message":"response_closed.complete"}
{"time":"2026-09-20T00:10:53","level":"DEBUG","logger":"httpcore.connection","message":"close.started"}
{"time":"2026-09-20T00:10:53","level":"DEBUG","logger":"httpcore.connection","message":"close.complete"}
{"time":"2026-09-20T00:11:01","level":"DEBUG","logger":"httpcore.http11","message":"receive_response_body.complete"}
{"time":"2026-09-20T00:11:01","level":"DEBUG","logger":"httpcore.http11","message":"response_closed.started"}
{"time":"2026-09-20T00:11:01","level":"DEBUG","logger":"httpcore.http11","message":"response_closed.complete"}
{"time":"2026-09-20T00:11:01","level":"DEBUG","logger":"httpcore.connection","message":"close.started"}
{"time":"2026-09-20T00:11:01","level":"DEBUG","logger":"httpcore.connection","message":"close.complete"}
{"time":"2026-09-20T00:11:01","level":"DEBUG","logger":"httpcore.connection","message":"close.started"}
{"time":"2026-09-20T00:11:01","level":"DEBUG","logger":"httpcore.connection","message":"close.complete"}
{"time":"2026-09-20T00:11:49","level":"DEBUG","logger":"saverfrom.single_flight","message":"SingleFlight: executing key=resolve::tiktok::https://www.tiktok.com/@tariqjamilofcl/video/743457320255627597"}
{"time":"2026-09-20T00:11:53","level":"DEBUG","logger":"httpcore.connection","message":"connect_tcp.started host='v19.tiktokcdn-us.com' port=443 local_address=None timeout=60.0 socket_options=None"}
{"time":"2026-09-20T00:11:53","level":"DEBUG","logger":"httpcore.connection","message":"connect_tcp.complete return_value=<httpcore._backends.anyio.AnyIOStream object at 0x000001F25C486990>"}
{"time":"2026-09-20T00:11:53","level":"DEBUG","logger":"httpcore.connection","message":"start_tls.started ssl_context=<ssl.SSLContext object at 0x000001F25CFEA990> server_hostname='v19.tiktokcdn-us.com' timeout=60.0"}
{"time":"2026-09-20T00:11:54","level":"DEBUG","logger":"httpcore.connection","message":"start_tls.complete return_value=<httpcore._backends.anyio.AnyIOStream object at 0x000001F25C486E40>"}
{"time":"2026-09-20T00:11:54","level":"DEBUG","logger":"httpcore.http11","message":"send_request_headers.started request=<Request [b'GET']>"}
{"time":"2026-09-20T00:11:54","level":"DEBUG","logger":"httpcore.http11","message":"send_request_headers.complete"}
{"time":"2026-09-20T00:11:54","level":"DEBUG","logger":"httpcore.http11","message":"send_request_body.started request=<Request [b'GET']>"}
{"time":"2026-09-20T00:11:54","level":"DEBUG","logger":"httpcore.http11","message":"send_request_body.complete"}
{"time":"2026-09-20T00:11:54","level":"DEBUG","logger":"httpcore.http11","message":"receive_response_headers.started request=<Request [b'GET']>"}
{"time":"2026-09-20T00:11:54","level":"DEBUG","logger":"httpcore.http11","message":"receive_response_headers.complete return_value=(b'HTTP/1.1', 200, b'OK', [(b'Connection', b'keep-alive'), (b'Content-Length', b'11064558'), (b'Cache-Control', b'max-age=2592000'), (b'Etag', b'"9cfd153c683d2f608c1d8f9a2503f60b"'), (b'Last-Modified', b'Sat, 11 Apr 2026 22:54:01 GMT'), (b'X-Bdcdn-Cache-Status', b'TCP_MISS'), (b'X-Storagegw-Request-Id', b'02178984511566600000000000000000000ffff0aea545be1b031'), (b'X-Storagegw-Response-Time', b'Sat, 19 Sep 2026 19:11:55 GMT'), (b'X-Tos-Storage-Class', b'STANDARD_ONEZONE'), (b'via', b'fdbd:dc53:30:302::50, 1.1 varnish, 1.1 varnish'), (b'x-request-ip', b'fdbd:dc53:0:58:0:75:0:8'), (b'x-response-cinfo', b'fdbd:dc53:0:58:0:75:0:8'), (b'Accept-Ranges', b'bytes'), (b'Age', b'0'), (b'Date', b'Sat, 19 Sep 2026 19:11:55 GMT'), (b'X-Served-By', b'cache-iad-kiad7000218-IAD, cache-ewr-kewr1740086-EWR'), (b'X-Cache', b'MISS, MISS'), (b'X-Cache-Hits', b'0, 0'), (b'X-Timer', b'S1789845115.477056,VS0,VE380'), (b'content-type', b'video/mp4'), (b'Access-Control-Allow-Origin', b'*'), (b'x-response-cache', b'miss'), (b'server-timing', b'cdn-cache;desc=miss, edge;dur=75, origin;dur=305'), (b'x-tt-trace-tag', b'id=19;cdn-cache=miss;type=static'), (b'alt-svc', b'h3=":443";ma=86400,h3-29=":443";ma=86400,h3-27=":443";ma=86400')])"}
{"time":"2026-09-20T00:11:54","level":"INFO","logger":"httpx","message":"HTTP Request: GET https://v19.tiktokcdn-us.com/14f0ffecaa79775103eda49065b49f7b/6aaf3332/video/tos/alisg/tos-alisg-pve-0037c001/oInCmlQUGiXJAAqjoz6mI4wKRiIvfArBEs6Qgp/?a=1233&bti=OUBzOTg7QGo6OjZAL3AjLTAzYCMxNDNg&&bt=939&ft=74~WHDDwN4vVQQdGuIOnsdaOtKZqYlq1dd2jhWLrK&mime_type=video_mp4&rc=OTc7OGk7N2k3aTk4PGg0NEBpamU0PHQ5cm1odjMzODczNEBhYzRjMDNeXzUxLy0zNDBeYSMxY2kwMmRjZWpgLS1kMTFzcw%3D%3D&vvpl=1&l=202609191911509388CFE7FA875F4E1BB6&btag=e000d0000 "HTTP/1.1 200 OK""}
{"time":"2026-09-20T00:11:54","level":"DEBUG","logger":"httpcore.http11","message":"receive_response_body.started request=<Request [b'GET']>"}
{"time":"2026-09-20T00:13:52","level":"DEBUG","logger":"httpcore.http11","message":"receive_response_body.failed exception=CancelledError("Cancelled via cancel scope 1f25cfead50 by <Task pending name='Task-73' coro=<RequestResponseCycle.run_asgi() running at C:\\Users\\7iha7\\Music\\New folder\\backend\\.venv\\Lib\\site-packages\\uvicorn\\protocols\\http\\httptools_impl.py:422> cb=[set.discard()]>")"}
{"time":"2026-09-20T00:13:52","level":"DEBUG","logger":"httpcore.http11","message":"response_closed.started"}
{"time":"2026-09-20T00:13:52","level":"DEBUG","logger":"httpcore.http11","message":"response_closed.complete"}
